Archive member included to satisfy reference by file (symbol)

/opt/st/stm32cubeide_1.13.2/plugins/com.st.stm32cube.ide.mcu.externaltools.gnu-tools-for-stm32.11.3.rel1.linux64_1.1.1.202309131626/tools/bin/../lib/gcc/arm-none-eabi/11.3.1/../../../../arm-none-eabi/lib/thumb/v6-m/nofp/libc_nano.a(libc_a-exit.o)
                              /opt/st/stm32cubeide_1.13.2/plugins/com.st.stm32cube.ide.mcu.externaltools.gnu-tools-for-stm32.11.3.rel1.linux64_1.1.1.202309131626/tools/bin/../lib/gcc/arm-none-eabi/11.3.1/../../../../arm-none-eabi/lib/thumb/v6-m/nofp/crt0.o (exit)
/opt/st/stm32cubeide_1.13.2/plugins/com.st.stm32cube.ide.mcu.externaltools.gnu-tools-for-stm32.11.3.rel1.linux64_1.1.1.202309131626/tools/bin/../lib/gcc/arm-none-eabi/11.3.1/../../../../arm-none-eabi/lib/thumb/v6-m/nofp/libc_nano.a(libc_a-findfp.o)
                              /opt/st/stm32cubeide_1.13.2/plugins/com.st.stm32cube.ide.mcu.externaltools.gnu-tools-for-stm32.11.3.rel1.linux64_1.1.1.202309131626/tools/bin/../lib/gcc/arm-none-eabi/11.3.1/../../../../arm-none-eabi/lib/thumb/v6-m/nofp/libc_nano.a(libc_a-exit.o) (__stdio_exit_handler)
/opt/st/stm32cubeide_1.13.2/plugins/com.st.stm32cube.ide.mcu.externaltools.gnu-tools-for-stm32.11.3.rel1.linux64_1.1.1.202309131626/tools/bin/../lib/gcc/arm-none-eabi/11.3.1/../../../../arm-none-eabi/lib/thumb/v6-m/nofp/libc_nano.a(libc_a-fwalk.o)
                              /opt/st/stm32cubeide_1.13.2/plugins/com.st.stm32cube.ide.mcu.externaltools.gnu-tools-for-stm32.11.3.rel1.linux64_1.1.1.202309131626/tools/bin/../lib/gcc/arm-none-eabi/11.3.1/../../../../arm-none-eabi/lib/thumb/v6-m/nofp/libc_nano.a(libc_a-findfp.o) (_fwalk_sglue)
/opt/st/stm32cubeide_1.13.2/plugins/com.st.stm32cube.ide.mcu.externaltools.gnu-tools-for-stm32.11.3.rel1.linux64_1.1.1.202309131626/tools/bin/../lib/gcc/arm-none-eabi/11.3.1/../../../../arm-none-eabi/lib/thumb/v6-m/nofp/libc_nano.a(libc_a-stdio.o)
                              /opt/st/stm32cubeide_1.13.2/plugins/com.st.stm32cube.ide.mcu.externaltools.gnu-tools-for-stm32.11.3.rel1.linux64_1.1.1.202309131626/tools/bin/../lib/gcc/arm-none-eabi/11.3.1/../../../../arm-none-eabi/lib/thumb/v6-m/nofp/libc_nano.a(libc_a-findfp.o) (__sread)
/opt/st/stm32cubeide_1.13.2/plugins/com.st.stm32cube.ide.mcu.externaltools.gnu-tools-for-stm32.11.3.rel1.linux64_1.1.1.202309131626/tools/bin/../lib/gcc/arm-none-eabi/11.3.1/../../../../arm-none-eabi/lib/thumb/v6-m/nofp/libc_nano.a(libc_a-memset.o)
                              /opt/st/stm32cubeide_1.13.2/plugins/com.st.stm32cube.ide.mcu.externaltools.gnu-tools-for-stm32.11.3.rel1.linux64_1.1.1.202309131626/tools/bin/../lib/gcc/arm-none-eabi/11.3.1/../../../../arm-none-eabi/lib/thumb/v6-m/nofp/crt0.o (memset)
/opt/st/stm32cubeide_1.13.2/plugins/com.st.stm32cube.ide.mcu.externaltools.gnu-tools-for-stm32.11.3.rel1.linux64_1.1.1.202309131626/tools/bin/../lib/gcc/arm-none-eabi/11.3.1/../../../../arm-none-eabi/lib/thumb/v6-m/nofp/libc_nano.a(libc_a-closer.o)
                              /opt/st/stm32cubeide_1.13.2/plugins/com.st.stm32cube.ide.mcu.externaltools.gnu-tools-for-stm32.11.3.rel1.linux64_1.1.1.202309131626/tools/bin/../lib/gcc/arm-none-eabi/11.3.1/../../../../arm-none-eabi/lib/thumb/v6-m/nofp/libc_nano.a(libc_a-stdio.o) (_close_r)
/opt/st/stm32cubeide_1.13.2/plugins/com.st.stm32cube.ide.mcu.externaltools.gnu-tools-for-stm32.11.3.rel1.linux64_1.1.1.202309131626/tools/bin/../lib/gcc/arm-none-eabi/11.3.1/../../../../arm-none-eabi/lib/thumb/v6-m/nofp/libc_nano.a(libc_a-reent.o)
                              /opt/st/stm32cubeide_1.13.2/plugins/com.st.stm32cube.ide.mcu.externaltools.gnu-tools-for-stm32.11.3.rel1.linux64_1.1.1.202309131626/tools/bin/../lib/gcc/arm-none-eabi/11.3.1/../../../../arm-none-eabi/lib/thumb/v6-m/nofp/libc_nano.a(libc_a-closer.o) (errno)
/opt/st/stm32cubeide_1.13.2/plugins/com.st.stm32cube.ide.mcu.externaltools.gnu-tools-for-stm32.11.3.rel1.linux64_1.1.1.202309131626/tools/bin/../lib/gcc/arm-none-eabi/11.3.1/../../../../arm-none-eabi/lib/thumb/v6-m/nofp/libc_nano.a(libc_a-impure.o)
                              /opt/st/stm32cubeide_1.13.2/plugins/com.st.stm32cube.ide.mcu.externaltools.gnu-tools-for-stm32.11.3.rel1.linux64_1.1.1.202309131626/tools/bin/../lib/gcc/arm-none-eabi/11.3.1/../../../../arm-none-eabi/lib/thumb/v6-m/nofp/libc_nano.a(libc_a-reent.o) (_impure_ptr)
/opt/st/stm32cubeide_1.13.2/plugins/com.st.stm32cube.ide.mcu.externaltools.gnu-tools-for-stm32.11.3.rel1.linux64_1.1.1.202309131626/tools/bin/../lib/gcc/arm-none-eabi/11.3.1/../../../../arm-none-eabi/lib/thumb/v6-m/nofp/libc_nano.a(libc_a-lseekr.o)
                              /opt/st/stm32cubeide_1.13.2/plugins/com.st.stm32cube.ide.mcu.externaltools.gnu-tools-for-stm32.11.3.rel1.linux64_1.1.1.202309131626/tools/bin/../lib/gcc/arm-none-eabi/11.3.1/../../../../arm-none-eabi/lib/thumb/v6-m/nofp/libc_nano.a(libc_a-stdio.o) (_lseek_r)
[...]
Memory Configuration

Name             Origin             Length             Attributes
RAM              0x0000000020000000 0x0000000000024000 xrw
FLASH            0x0000000008000000 0x0000000000080000 xr
*default*        0x0000000000000000 0xffffffffffffffff

Linker script and memory map

LOAD /opt/st/stm32cubeide_1.13.2/plugins/com.st.stm32cube.ide.mcu.externaltools.gnu-tools-for-stm32.11.3.rel1.linux64_1.1.1.202309131626/tools/bin/../lib/gcc/arm-none-eabi/11.3.1/thumb/v6-m/nofp/crti.o
LOAD /opt/st/stm32cubeide_1.13.2/plugins/com.st.stm32cube.ide.mcu.externaltools.gnu-tools-for-stm32.11.3.rel1.linux64_1.1.1.202309131626/tools/bin/../lib/gcc/arm-none-eabi/11.3.1/thumb/v6-m/nofp/crtbegin.o
LOAD /opt/st/stm32cubeide_1.13.2/plugins/com.st.stm32cube.ide.mcu.externaltools.gnu-tools-for-stm32.11.3.rel1.linux64_1.1.1.202309131626/tools/bin/../lib/gcc/arm-none-eabi/11.3.1/../../../../arm-none-eabi/lib/thumb/v6-m/nofp/crt0.o
LOAD ./Src/adc.o
LOAD ./Src/main.o
LOAD ./Src/syscalls.o
LOAD ./Src/sysmem.o
LOAD ./Src/systick.o
LOAD ./Startup/startup_stm32g0b1retx.o
START GROUP
LOAD /opt/st/stm32cubeide_1.13.2/plugins/com.st.stm32cube.ide.mcu.externaltools.gnu-tools-for-stm32.11.3.rel1.linux64_1.1.1.202309131626/tools/bin/../lib/gcc/arm-none-eabi/11.3.1/../../../../arm-none-eabi/lib/thumb/v6-m/nofp/libc_nano.a
LOAD /opt/st/stm32cubeide_1.13.2/plugins/com.st.stm32cube.ide.mcu.externaltools.gnu-tools-for-stm32.11.3.rel1.linux64_1.1.1.202309131626/tools/bin/../lib/gcc/arm-none-eabi/11.3.1/../../../../arm-none-eabi/lib/thumb/v6-m/nofp/libm.a
END GROUP
START GROUP
LOAD /opt/st/stm32cubeide_1.13.2/plugins/com.st.stm32cube.ide.mcu.externaltools.gnu-tools-for-stm32.11.3.rel1.linux64_1.1.1.202309131626/tools/bin/../lib/gcc/arm-none-eabi/11.3.1/thumb/v6-m/nofp/libgcc.a
LOAD /opt/st/stm32cubeide_1.13.2/plugins/com.st.stm32cube.ide.mcu.externaltools.gnu-tools-for-stm32.11.3.rel1.linux64_1.1.1.202309131626/tools/bin/../lib/gcc/arm-none-eabi/11.3.1/../../../../arm-none-eabi/lib/thumb/v6-m/nofp/libc_nano.a
END GROUP
START GROUP
LOAD /opt/st/stm32cubeide_1.13.2/plugins/com.st.stm32cube.ide.mcu.externaltools.gnu-tools-for-stm32.11.3.rel1.linux64_1.1.1.202309131626/tools/bin/../lib/gcc/arm-none-eabi/11.3.1/thumb/v6-m/nofp/libgcc.a
LOAD /opt/st/stm32cubeide_1.13.2/plugins/com.st.stm32cube.ide.mcu.externaltools.gnu-tools-for-stm32.11.3.rel1.linux64_1.1.1.202309131626/tools/bin/../lib/gcc/arm-none-eabi/11.3.1/../../../../arm-none-eabi/lib/thumb/v6-m/nofp/libc_nano.a
LOAD /opt/st/stm32cubeide_1.13.2/plugins/com.st.stm32cube.ide.mcu.externaltools.gnu-tools-for-stm32.11.3.rel1.linux64_1.1.1.202309131626/tools/bin/../lib/gcc/arm-none-eabi/11.3.1/../../../../arm-none-eabi/lib/thumb/v6-m/nofp/libnosys.a
END GROUP
START GROUP
LOAD /opt/st/stm32cubeide_1.13.2/plugins/com.st.stm32cube.ide.mcu.externaltools.gnu-tools-for-stm32.11.3.rel1.linux64_1.1.1.202309131626/tools/bin/../lib/gcc/arm-none-eabi/11.3.1/thumb/v6-m/nofp/libgcc.a
LOAD /opt/st/stm32cubeide_1.13.2/plugins/com.st.stm32cube.ide.mcu.externaltools.gnu-tools-for-stm32.11.3.rel1.linux64_1.1.1.202309131626/tools/bin/../lib/gcc/arm-none-eabi/11.3.1/../../../../arm-none-eabi/lib/thumb/v6-m/nofp/libc_nano.a
LOAD /opt/st/stm32cubeide_1.13.2/plugins/com.st.stm32cube.ide.mcu.externaltools.gnu-tools-for-stm32.11.3.rel1.linux64_1.1.1.202309131626/tools/bin/../lib/gcc/arm-none-eabi/11.3.1/../../../../arm-none-eabi/lib/thumb/v6-m/nofp/libnosys.a
END GROUP
LOAD /opt/st/stm32cubeide_1.13.2/plugins/com.st.stm32cube.ide.mcu.externaltools.gnu-tools-for-stm32.11.3.rel1.linux64_1.1.1.202309131626/tools/bin/../lib/gcc/arm-none-eabi/11.3.1/thumb/v6-m/nofp/crtend.o
LOAD /opt/st/stm32cubeide_1.13.2/plugins/com.st.stm32cube.ide.mcu.externaltools.gnu-tools-for-stm32.11.3.rel1.linux64_1.1.1.202309131626/tools/bin/../lib/gcc/arm-none-eabi/11.3.1/thumb/v6-m/nofp/crtn.o
                0x0000000020024000                _estack = (ORIGIN (RAM) + LENGTH (RAM))
                0x0000000000000200                _Min_Heap_Size = 0x200
                0x0000000000000400                _Min_Stack_Size = 0x400

.isr_vector     0x0000000008000000       0xc0
                0x0000000008000000                . = ALIGN (0x4)
 *(.isr_vector)
 .isr_vector    0x0000000008000000       0xc0 ./Startup/startup_stm32g0b1retx.o
                0x0000000008000000                g_pfnVectors
                0x00000000080000c0                . = ALIGN (0x4)

.text           0x00000000080000c0      0x1c8
                0x00000000080000c0                . = ALIGN (0x4)
 *(.text)
 .text          0x00000000080000c0       0x48 /opt/st/stm32cubeide_1.13.2/plugins/com.st.stm32cube.ide.mcu.externaltools.gnu-tools-for-stm32.11.3.rel1.linux64_1.1.1.202309131626/tools/bin/../lib/gcc/arm-none-eabi/11.3.1/thumb/v6-m/nofp/crtbegin.o
 *(.text*)
 .text.gpio_init
                0x0000000008000108       0x40 ./Src/adc.o
                0x0000000008000108                gpio_init
 .text.led_toggle
                0x0000000008000148       0x1c ./Src/adc.o
                0x0000000008000148                led_toggle
 .text.main     0x0000000008000164       0x18 ./Src/main.o
                0x0000000008000164                main
 .text.systickDelayMS
                0x000000000800017c       0x58 ./Src/systick.o
                0x000000000800017c                systickDelayMS
 .text.Reset_Handler
                0x00000000080001d4       0x50 ./Startup/startup_stm32g0b1retx.o
                0x00000000080001d4                Reset_Handler
 .text.Default_Handler
                0x0000000008000224        0x2 ./Startup/startup_stm32g0b1retx.o
                0x0000000008000224                TIM1_CC_IRQHandler
                0x0000000008000224                HardFault_Handler
                0x0000000008000224                SysTick_Handler
                0x0000000008000224                PVD_IRQHandler
                0x0000000008000224                PendSV_Handler
                0x0000000008000224                NMI_Handler
                0x0000000008000224                I2C1_IRQHandler
                0x0000000008000224                DMA1_Channel4_5_6_7_DMAMUX_DMA2_Channel1_2_3_4_5_IRQHandler
                0x0000000008000224                RCC_CRS_IRQHandler
                0x0000000008000224                RTC_TAMP_IRQHandler
                0x0000000008000224                SPI1_IRQHandler
                0x0000000008000224                EXTI2_3_IRQHandler
                0x0000000008000224                TIM17_IRQHandler
                0x0000000008000224                USART2_LPUART2_IRQHandler
                0x0000000008000224                TIM16_IRQHandler
                0x0000000008000224                EXTI4_15_IRQHandler
                0x0000000008000224                DMA1_Channel1_IRQHandler
                0x0000000008000224                Default_Handler
                0x0000000008000224                CEC_IRQHandler
                0x0000000008000224                TIM14_IRQHandler
                0x0000000008000224                TIM7_IRQHandler
                0x0000000008000224                TIM15_IRQHandler
                0x0000000008000224                TIM3_TIM4_IRQHandler
                0x0000000008000224                EXTI0_1_IRQHandler
                0x0000000008000224                I2C2_I2C3_IRQHandler
                0x0000000008000224                SVC_Handler
                0x0000000008000224                AES_RNG_IRQHandler
                0x0000000008000224                TIM6_DAC_LPTIM1_IRQHandler
                0x0000000008000224                WWDG_IRQHandler
                0x0000000008000224                SPI2_SPI3_IRQHandler
                0x0000000008000224                TIM2_IRQHandler
                0x0000000008000224                DMA1_Channel2_3_IRQHandler
                0x0000000008000224                ADC_COMP_IRQHandler
                0x0000000008000224                USART3_USART4_USART5_USART6_LPUART1_IRQHandler
                0x0000000008000224                FLASH_IRQHandler
                0x0000000008000224                USART1_IRQHandler
                0x0000000008000224                TIM1_BRK_UP_TRG_COM_IRQHandler
                0x0000000008000224                UCPD1_UCPD2_USB_IRQHandler
 *fill*         0x0000000008000226        0x2 
 .text.__libc_init_array
                0x0000000008000228       0x48 /opt/st/stm32cubeide_1.13.2/plugins/com.st.stm32cube.ide.mcu.externaltools.gnu-tools-for-stm32.11.3.rel1.linux64_1.1.1.202309131626/tools/bin/../lib/gcc/arm-none-eabi/11.3.1/../../../../arm-none-eabi/lib/thumb/v6-m/nofp/libc_nano.a(libc_a-init.o)
                0x0000000008000228                __libc_init_array
 *(.glue_7)
 .glue_7        0x0000000008000270        0x0 linker stubs
 *(.glue_7t)
 .glue_7t       0x0000000008000270        0x0 linker stubs
 *(.eh_frame)
 .eh_frame      0x0000000008000270        0x0 /opt/st/stm32cubeide_1.13.2/plugins/com.st.stm32cube.ide.mcu.externaltools.gnu-tools-for-stm32.11.3.rel1.linux64_1.1.1.202309131626/tools/bin/../lib/gcc/arm-none-eabi/11.3.1/thumb/v6-m/nofp/crtbegin.o
 *(.init)
 .init          0x0000000008000270        0x4 /opt/st/stm32cubeide_1.13.2/plugins/com.st.stm32cube.ide.mcu.externaltools.gnu-tools-for-stm32.11.3.rel1.linux64_1.1.1.202309131626/tools/bin/../lib/gcc/arm-none-eabi/11.3.1/thumb/v6-m/nofp/crti.o
                0x0000000008000270                _init
 .init          0x0000000008000274        0x8 /opt/st/stm32cubeide_1.13.2/plugins/com.st.stm32cube.ide.mcu.externaltools.gnu-tools-for-stm32.11.3.rel1.linux64_1.1.1.202309131626/tools/bin/../lib/gcc/arm-none-eabi/11.3.1/thumb/v6-m/nofp/crtn.o
 *(.fini)
 .fini          0x000000000800027c        0x4 /opt/st/stm32cubeide_1.13.2/plugins/com.st.stm32cube.ide.mcu.externaltools.gnu-tools-for-stm32.11.3.rel1.linux64_1.1.1.202309131626/tools/bin/../lib/gcc/arm-none-eabi/11.3.1/thumb/v6-m/nofp/crti.o
                0x000000000800027c                _fini
 .fini          0x0000000008000280        0x8 /opt/st/stm32cubeide_1.13.2/plugins/com.st.stm32cube.ide.mcu.externaltools.gnu-tools-for-stm32.11.3.rel1.linux64_1.1.1.202309131626/tools/bin/../lib/gcc/arm-none-eabi/11.3.1/thumb/v6-m/nofp/crtn.o
                0x0000000008000288                . = ALIGN (0x4)
                0x0000000008000288                _etext = .

.vfp11_veneer   0x0000000008000288        0x0
 .vfp11_veneer  0x0000000008000288        0x0 linker stubs

.v4_bx          0x0000000008000288        0x0
 .v4_bx         0x0000000008000288        0x0 linker stubs

.iplt           0x0000000008000288        0x0
 .iplt          0x0000000008000288        0x0 /opt/st/stm32cubeide_1.13.2/plugins/com.st.stm32cube.ide.mcu.externaltools.gnu-tools-for-stm32.11.3.rel1.linux64_1.1.1.202309131626/tools/bin/../lib/gcc/arm-none-eabi/11.3.1/thumb/v6-m/nofp/crtbegin.o

.rel.dyn        0x0000000008000288        0x0
 .rel.iplt      0x0000000008000288        0x0 /opt/st/stm32cubeide_1.13.2/plugins/com.st.stm32cube.ide.mcu.externaltools.gnu-tools-for-stm32.11.3.rel1.linux64_1.1.1.202309131626/tools/bin/../lib/gcc/arm-none-eabi/11.3.1/thumb/v6-m/nofp/crtbegin.o

.rodata         0x0000000008000288        0x0
                0x0000000008000288                . = ALIGN (0x4)
 *(.rodata)
 *(.rodata*)
                0x0000000008000288                . = ALIGN (0x4)

.ARM.extab      0x0000000008000288        0x0
                0x0000000008000288                . = ALIGN (0x4)
 *(.ARM.extab* .gnu.linkonce.armextab.*)
                0x0000000008000288                . = ALIGN (0x4)

.ARM            0x0000000008000288        0x0
                0x0000000008000288                . = ALIGN (0x4)
                0x0000000008000288                __exidx_start = .
 *(.ARM.exidx*)
                0x0000000008000288                __exidx_end = .
                0x0000000008000288                . = ALIGN (0x4)

.preinit_array  0x0000000008000288        0x0
                0x0000000008000288                . = ALIGN (0x4)
                0x0000000008000288                PROVIDE (__preinit_array_start = .)
 *(.preinit_array*)
                0x0000000008000288                PROVIDE (__preinit_array_end = .)
                0x0000000008000288                . = ALIGN (0x4)

.init_array     0x0000000008000288        0x4
                0x0000000008000288                . = ALIGN (0x4)
                0x0000000008000288                PROVIDE (__init_array_start = .)
 *(SORT_BY_NAME(.init_array.*))
 *(.init_array*)
 .init_array    0x0000000008000288        0x4 /opt/st/stm32cubeide_1.13.2/plugins/com.st.stm32cube.ide.mcu.externaltools.gnu-tools-for-stm32.11.3.rel1.linux64_1.1.1.202309131626/tools/bin/../lib/gcc/arm-none-eabi/11.3.1/thumb/v6-m/nofp/crtbegin.o
                0x000000000800028c                PROVIDE (__init_array_end = .)
                0x000000000800028c                . = ALIGN (0x4)

.fini_array     0x000000000800028c        0x4
                0x000000000800028c                . = ALIGN (0x4)
                [!provide]                        PROVIDE (__fini_array_start = .)
 *(SORT_BY_NAME(.fini_array.*))
 *(.fini_array*)
 .fini_array    0x000000000800028c        0x4 /opt/st/stm32cubeide_1.13.2/plugins/com.st.stm32cube.ide.mcu.externaltools.gnu-tools-for-stm32.11.3.rel1.linux64_1.1.1.202309131626/tools/bin/../lib/gcc/arm-none-eabi/11.3.1/thumb/v6-m/nofp/crtbegin.o
                [!provide]                        PROVIDE (__fini_array_end = .)
                0x0000000008000290                . = ALIGN (0x4)
                0x0000000008000290                _sidata = LOADADDR (.data)

.data           0x0000000020000000        0x0 load address 0x0000000008000290
                0x0000000020000000                . = ALIGN (0x4)
                0x0000000020000000                _sdata = .
 *(.data)
 *(.data*)
 *(.RamFunc)
 *(.RamFunc*)
                0x0000000020000000                . = ALIGN (0x4)
                0x0000000020000000                _edata = .

.igot.plt       0x0000000020000000        0x0 load address 0x0000000008000290
 .igot.plt      0x0000000020000000        0x0 /opt/st/stm32cubeide_1.13.2/plugins/com.st.stm32cube.ide.mcu.externaltools.gnu-tools-for-stm32.11.3.rel1.linux64_1.1.1.202309131626/tools/bin/../lib/gcc/arm-none-eabi/11.3.1/thumb/v6-m/nofp/crtbegin.o
                0x0000000020000000                . = ALIGN (0x4)

.bss            0x0000000020000000       0x1c load address 0x0000000008000290
                0x0000000020000000                _sbss = .
                0x0000000020000000                __bss_start__ = _sbss
 *(.bss)
 .bss           0x0000000020000000       0x1c /opt/st/stm32cubeide_1.13.2/plugins/com.st.stm32cube.ide.mcu.externaltools.gnu-tools-for-stm32.11.3.rel1.linux64_1.1.1.202309131626/tools/bin/../lib/gcc/arm-none-eabi/11.3.1/thumb/v6-m/nofp/crtbegin.o
 *(.bss*)
 *(COMMON)
                0x000000002000001c                . = ALIGN (0x4)
                0x000000002000001c                _ebss = .
                0x000000002000001c                __bss_end__ = _ebss

._user_heap_stack
                0x000000002000001c      0x604 load address 0x0000000008000290
                0x0000000020000020                . = ALIGN (0x8)
 *fill*         0x000000002000001c        0x4 
                [!provide]                        PROVIDE (end = .)
                0x0000000020000020                PROVIDE (_end = .)
                0x0000000020000220                . = (. + _Min_Heap_Size)
 *fill*         0x0000000020000020      0x200 
                0x0000000020000620                . = (. + _Min_Stack_Size)
 *fill*         0x0000000020000220      0x400 
                0x0000000020000620                . = ALIGN (0x8)

/DISCARD/
 libc.a(*)
 libm.a(*)
 libgcc.a(*)

.ARM.attributes
                0x0000000000000000       0x28
 *(.ARM.attributes)
 .ARM.attributes
                0x0000000000000000       0x1e /opt/st/stm32cubeide_1.13.2/plugins/com.st.stm32cube.ide.mcu.externaltools.gnu-tools-for-stm32.11.3.rel1.linux64_1.1.1.202309131626/tools/bin/../lib/gcc/arm-none-eabi/11.3.1/thumb/v6-m/nofp/crti.o
 .ARM.attributes
                0x000000000000001e       0x2c /opt/st/stm32cubeide_1.13.2/plugins/com.st.stm32cube.ide.mcu.externaltools.gnu-tools-for-stm32.11.3.rel1.linux64_1.1.1.202309131626/tools/bin/../lib/gcc/arm-none-eabi/11.3.1/thumb/v6-m/nofp/crtbegin.o
 .ARM.attributes
                0x000000000000004a       0x2c ./Src/adc.o
 .ARM.attributes
                0x0000000000000076       0x2c ./Src/main.o
 .ARM.attributes
                0x00000000000000a2       0x2c ./Src/systick.o
 .ARM.attributes
                0x00000000000000ce       0x22 ./Startup/startup_stm32g0b1retx.o
 .ARM.attributes
                0x00000000000000f0       0x2c /opt/st/stm32cubeide_1.13.2/plugins/com.st.stm32cube.ide.mcu.externaltools.gnu-tools-for-stm32.11.3.rel1.linux64_1.1.1.202309131626/tools/bin/../lib/gcc/arm-none-eabi/11.3.1/../../../../arm-none-eabi/lib/thumb/v6-m/nofp/libc_nano.a(libc_a-init.o)
 .ARM.attributes
                0x000000000000011c       0x1e /opt/st/stm32cubeide_1.13.2/plugins/com.st.stm32cube.ide.mcu.externaltools.gnu-tools-for-stm32.11.3.rel1.linux64_1.1.1.202309131626/tools/bin/../lib/gcc/arm-none-eabi/11.3.1/thumb/v6-m/nofp/crtn.o
OUTPUT(5_systick.elf elf32-littlearm)
LOAD linker stubs
LOAD /opt/st/stm32cubeide_1.13.2/plugins/com.st.stm32cube.ide.mcu.externaltools.gnu-tools-for-stm32.11.3.rel1.linux64_1.1.1.202309131626/tools/bin/../lib/gcc/arm-none-eabi/11.3.1/../../../../arm-none-eabi/lib/thumb/v6-m/nofp/libc.a
LOAD /opt/st/stm32cubeide_1.13.2/plugins/com.st.stm32cube.ide.mcu.externaltools.gnu-tools-for-stm32.11.3.rel1.linux64_1.1.1.202309131626/tools/bin/../lib/gcc/arm-none-eabi/11.3.1/../../../../arm-none-eabi/lib/thumb/v6-m/nofp/libm.a
LOAD /opt/st/stm32cubeide_1.13.2/plugins/com.st.stm32cube.ide.mcu.externaltools.gnu-tools-for-stm32.11.3.rel1.linux64_1.1.1.202309131626/tools/bin/../lib/gcc/arm-none-eabi/11.3.1/thumb/v6-m/nofp/libgcc.a

.comment        0x0000000000000000       0x43
 .comment       0x0000000000000000       0x43 /opt/st/stm32cubeide_1.13.2/plugins/com.st.stm32cube.ide.mcu.externaltools.gnu-tools-for-stm32.11.3.rel1.linux64_1.1.1.202309131626/tools/bin/../lib/gcc/arm-none-eabi/11.3.1/thumb/v6-m/nofp/crtbegin.o
                                         0x44 (size before relaxing)
 .comment       0x0000000000000043       0x44 ./Src/adc.o
 .comment       0x0000000000000043       0x44 ./Src/main.o
 .comment       0x0000000000000043       0x44 ./Src/systick.o

.debug_info     0x0000000000000000      0x1df
 .debug_info    0x0000000000000000       0x88 ./Src/adc.o
 .debug_info    0x0000000000000088       0xc7 ./Src/main.o
 .debug_info    0x000000000000014f       0x6d ./Src/systick.o
 .debug_info    0x00000000000001bc       0x23 ./Startup/startup_stm32g0b1retx.o

.debug_abbrev   0x0000000000000000      0x15a
 .debug_abbrev  0x0000000000000000       0x57 ./Src/adc.o
 .debug_abbrev  0x0000000000000057       0x8a ./Src/main.o
 .debug_abbrev  0x00000000000000e1       0x67 ./Src/systick.o
 .debug_abbrev  0x0000000000000148       0x12 ./Startup/startup_stm32g0b1retx.o

.debug_aranges  0x0000000000000000       0xa8
 .debug_aranges
                0x0000000000000000       0x40 ./Src/adc.o
 .debug_aranges
                0x0000000000000040       0x20 ./Src/main.o
 .debug_aranges
                0x0000000000000060       0x20 ./Src/systick.o
 .debug_aranges
                0x0000000000000080       0x28 ./Startup/startup_stm32g0b1retx.o

.debug_rnglists
                0x0000000000000000       0x6b
 .debug_rnglists
                0x0000000000000000       0x2c ./Src/adc.o
 .debug_rnglists
                0x000000000000002c       0x13 ./Src/main.o
 .debug_rnglists
                0x000000000000003f       0x13 ./Src/systick.o
 .debug_rnglists
                0x0000000000000052       0x19 ./Startup/startup_stm32g0b1retx.o

.debug_macro    0x0000000000000000     0x1c63
 .debug_macro   0x0000000000000000      0x119 ./Src/adc.o
 .debug_macro   0x0000000000000119      0xa90 ./Src/adc.o
 .debug_macro   0x0000000000000ba9      0x153 ./Src/main.o
 .debug_macro   0x0000000000000cfc       0x22 ./Src/main.o
 .debug_macro   0x0000000000000d1e       0x8e ./Src/main.o
 .debug_macro   0x0000000000000dac       0x51 ./Src/main.o
 .debug_macro   0x0000000000000dfd      0x103 ./Src/main.o
 .debug_macro   0x0000000000000f00       0x6a ./Src/main.o
 .debug_macro   0x0000000000000f6a      0x1df ./Src/main.o
 .debug_macro   0x0000000000001149       0x61 ./Src/main.o
 .debug_macro   0x00000000000011aa       0x24 ./Src/main.o
 .debug_macro   0x00000000000011ce       0x43 ./Src/main.o
 .debug_macro   0x0000000000001211       0x34 ./Src/main.o
 .debug_macro   0x0000000000001245       0x16 ./Src/main.o
 .debug_macro   0x000000000000125b       0x97 ./Src/main.o
 .debug_macro   0x00000000000012f2      0x369 ./Src/main.o
 .debug_macro   0x000000000000165b       0xfd ./Src/main.o
 .debug_macro   0x0000000000001758       0x10 ./Src/main.o
 .debug_macro   0x0000000000001768       0x16 ./Src/main.o
 .debug_macro   0x000000000000177e       0x43 ./Src/main.o
 .debug_macro   0x00000000000017c1       0x34 ./Src/main.o
 .debug_macro   0x00000000000017f5       0x10 ./Src/main.o
 .debug_macro   0x0000000000001805       0x58 ./Src/main.o
 .debug_macro   0x000000000000185d       0x8e ./Src/main.o
 .debug_macro   0x00000000000018eb       0x1c ./Src/main.o
 .debug_macro   0x0000000000001907      0x177 ./Src/main.o
 .debug_macro   0x0000000000001a7e       0x16 ./Src/main.o
 .debug_macro   0x0000000000001a94       0x16 ./Src/main.o
 .debug_macro   0x0000000000001aaa      0x147 ./Src/main.o
 .debug_macro   0x0000000000001bf1       0x40 ./Src/main.o
 .debug_macro   0x0000000000001c31       0x32 ./Src/systick.o

.debug_line     0x0000000000000000      0x6b2
 .debug_line    0x0000000000000000       0xd9 ./Src/adc.o
 .debug_line    0x00000000000000d9      0x4c1 ./Src/main.o
 .debug_line    0x000000000000059a       0x9d ./Src/systick.o
 .debug_line    0x0000000000000637       0x7b ./Startup/startup_stm32g0b1retx.o

.debug_str      0x0000000000000000     0x7da2
 .debug_str     0x0000000000000000     0x335c ./Src/adc.o
 .debug_str     0x000000000000335c     0x496e ./Src/main.o
                                       0x7846 (size before relaxing)
 .debug_str     0x0000000000007cca       0x68 ./Src/systick.o
                                       0x2eff (size before relaxing)
 .debug_str     0x0000000000007d32       0x70 ./Startup/startup_stm32g0b1retx.o

.debug_frame    0x0000000000000000      0x124
 .debug_frame   0x0000000000000000       0x9c ./Src/adc.o
 .debug_frame   0x000000000000009c       0x2c ./Src/main.o
 .debug_frame   0x00000000000000c8       0x30 ./Src/systick.o
 .debug_frame   0x00000000000000f8       0x2c /opt/st/stm32cubeide_1.13.2/plugins/com.st.stm32cube.ide.mcu.externaltools.gnu-tools-for-stm32.11.3.rel1.linux64_1.1.1.202309131626/tools/bin/../lib/gcc/arm-none-eabi/11.3.1/../../../../arm-none-eabi/lib/thumb/v6-m/nofp/libc_nano.a(libc_a-init.o)

.debug_line_str
                0x0000000000000000       0x64
 .debug_line_str
                0x0000000000000000       0x64 ./Startup/startup_stm32g0b1retx.o
                                         0x7c (size before relaxing)
