../Core/Src/main.c:95:5:main	8	static
../Core/Src/main.c:177:6:SystemClock_Config	96	static
../Core/Src/main.c:218:13:MX_ADC1_Init	24	static
../Core/Src/main.c:304:13:MX_USART2_UART_Init	8	static
../Core/Src/main.c:350:13:MX_DMA_Init	16	static
../Core/Src/main.c:368:13:MX_GPIO_Init	48	static
../Core/Src/main.c:395:6:HAL_ADC_ConvCpltCallback	16	static
../Core/Src/main.c:402:6:StartTask1	48	static
../Core/Src/main.c:435:6:StartDefaultTask	40	static
../Core/Src/main.c:462:6:HAL_TIM_PeriodElapsedCallback	16	static
../Core/Src/main.c:479:6:Error_Handler	8	static,ignoring_inline_asm
