../Drivers/CMSIS/Include/core_cm7.h:1896:22:__NVIC_EnableIRQ	16	static
../Core/Src/main.c:86:5:_write	24	static
../Core/Src/main.c:99:13:run_mongoose	4	static
../Core/Src/main.c:108:13:run_mongoose2	4	static
../Core/Src/main.c:132:5:main	8	static
../Core/Src/main.c:184:6:SystemClock_Config	88	static
../Core/Src/main.c:241:13:MX_ETH_Init	8	static
../Core/Src/main.c:290:13:MX_USART3_UART_Init	8	static
../Core/Src/main.c:325:13:MX_USB_OTG_FS_PCD_Init	8	static
../Core/Src/main.c:360:13:MX_GPIO_Init	56	static
../Core/Src/main.c:418:6:Error_Handler	4	static,ignoring_inline_asm
