../Core/Src/main.c:119:5:main	16	static
../Core/Src/main.c:248:6:SystemClock_Config	96	static
../Core/Src/main.c:289:13:MX_USART2_UART_Init	8	static
../Core/Src/main.c:337:13:MX_GPIO_Init	48	static
../Core/Src/main.c:366:5:__io_putchar	16	static
../Core/Src/main.c:373:6:vBlueLedControlerTask	48	static
../Core/Src/main.c:399:6:vRedLedControlerTask	16	static
../Core/Src/main.c:408:6:vGreenLedControlerTask	16	static
../Core/Src/main.c:417:6:vReceiveTask	16	static
../Core/Src/main.c:422:6:vSenderTask	24	static
../Core/Src/main.c:459:6:HAL_TIM_PeriodElapsedCallback	16	static
../Core/Src/main.c:476:6:Error_Handler	8	static,ignoring_inline_asm
