../Core/Src/main.c:137:5:main	8	static
../Core/Src/main.c:278:6:SystemClock_Config	96	static
../Core/Src/main.c:319:13:MX_USART2_UART_Init	8	static
../Core/Src/main.c:367:13:MX_GPIO_Init	48	static
../Core/Src/main.c:396:5:__io_putchar	16	static
../Core/Src/main.c:406:6:vBlueLedControlerTask	16	static
../Core/Src/main.c:414:6:vRedLedControlerTask	16	static
../Core/Src/main.c:423:6:vGreenLedControlerTask	16	static
../Core/Src/main.c:434:6:vSenderTask	24	static
../Core/Src/main.c:453:6:vReceiveTask	72	static
../Core/Src/main.c:502:6:HAL_TIM_PeriodElapsedCallback	16	static
../Core/Src/main.c:519:6:Error_Handler	8	static,ignoring_inline_asm
