../Drivers/CMSIS/Include/core_cm7.h:1896:22:__NVIC_EnableIRQ	16	static
../Core/Src/main.c:63:5:_write	24	static
../Core/Src/main.c:71:10:mg_millis	16	static
../Core/Src/main.c:76:13:ev_handler	40	static
../Core/Src/main.c:86:13:run_mongoose1	216	static
../Core/Src/main.c:119:5:main	8	static
../Core/Src/main.c:170:6:SystemClock_Config	88	static
../Core/Src/main.c:227:13:MX_USART3_UART_Init	8	static
../Core/Src/main.c:262:13:MX_GPIO_Init	32	static
../Core/Src/main.c:291:6:HAL_TIM_PeriodElapsedCallback	16	static
../Core/Src/main.c:308:6:Error_Handler	4	static,ignoring_inline_asm
