../Core/Src/main.c:159:5:main	16	static
../Core/Src/main.c:312:6:SystemClock_Config	96	static
../Core/Src/main.c:353:13:MX_USART2_UART_Init	8	static
../Core/Src/main.c:401:13:MX_GPIO_Init	48	static
../Core/Src/main.c:440:5:__io_putchar	16	static
../Core/Src/main.c:451:6:vBlueLedControllerTask	16	static
../Core/Src/main.c:463:6:vRedLedControllerTask	16	static
../Core/Src/main.c:474:6:vGreenLedControllerTask	24	static
../Core/Src/main.c:505:6:vSenderTask	32	static
../Core/Src/main.c:532:6:vReceiverTask	40	static
../Core/Src/main.c:574:6:vUpdateMailBox	32	static
../Core/Src/main.c:594:12:vReadMailbox	24	static
../Core/Src/main.c:627:6:vTask1	24	static
../Core/Src/main.c:643:6:vTask2	24	static
../Core/Src/main.c:670:6:StartDefaultTask	16	static
../Core/Src/main.c:689:6:HAL_TIM_PeriodElapsedCallback	16	static
../Core/Src/main.c:706:6:Error_Handler	8	static,ignoring_inline_asm
