../Core/Src/main.c:129:5:main	16	static
../Core/Src/main.c:265:6:SystemClock_Config	96	static
../Core/Src/main.c:306:13:MX_USART2_UART_Init	8	static
../Core/Src/main.c:354:13:MX_GPIO_Init	48	static
../Core/Src/main.c:393:5:__io_putchar	16	static
../Core/Src/main.c:404:6:vBlueLedControllerTask	16	static
../Core/Src/main.c:416:6:vRedLedControllerTask	16	static
../Core/Src/main.c:427:6:vGreenLedControllerTask	24	static
../Core/Src/main.c:453:6:vSenderTask	24	static
../Core/Src/main.c:466:6:vReceiverTask	24	static
../Core/Src/main.c:489:6:vTask1	24	static
../Core/Src/main.c:500:6:vTask2	24	static
../Core/Src/main.c:527:6:StartDefaultTask	16	static
../Core/Src/main.c:546:6:HAL_TIM_PeriodElapsedCallback	16	static
../Core/Src/main.c:563:6:Error_Handler	8	static,ignoring_inline_asm
