22:04:04 **** Incremental Build of configuration Debug for project 4_adc ****
make -j8 all 
arm-none-eabi-gcc "../Src/main.c" -mcpu=cortex-m0plus -std=gnu11 -g3 -DDEBUG -DSTM32 -DSTM32G0 -DNUCLEO_G0B1RE -DSTM32G0B1RETx -DSTM32G0B1xx -c -I../Inc -I/home/ebenezer/STM32CubeIDE/workspace_1.13.2/chip_headers/CMSIS/Device/ST/STM32G0xx/Include -I/home/ebenezer/STM32CubeIDE/workspace_1.13.2/chip_headers/CMSIS/Include -O0 -ffunction-sections -fdata-sections -Wall -fstack-usage -fcyclomatic-complexity -MMD -MP -MF"Src/main.d" -MT"Src/main.o" --specs=nano.specs -mfloat-abi=soft -mthumb -o "Src/main.o"
arm-none-eabi-gcc -o "4_adc.elf" @"objects.list"   -mcpu=cortex-m0plus -T"/home/ebenezer/STM32CubeIDE/workspace_1.13.2/4_adc/STM32G0B1RETX_FLASH.ld" --specs=nosys.specs -Wl,-Map="4_adc.map" -Wl,--gc-sections -static --specs=nano.specs -mfloat-abi=soft -mthumb -Wl,--start-group -lc -lm -Wl,--end-group
Finished building target: 4_adc.elf
 
arm-none-eabi-size   4_adc.elf 
arm-none-eabi-objdump -h -S  4_adc.elf  > "4_adc.list"
   text	   data	    bss	    dec	    hex	filename
   5168	    100	   1908	   7176	   1c08	4_adc.elf
Finished building: default.size.stdout
 
Finished building: 4_adc.list
 

22:04:05 Build Finished. 0 errors, 0 warnings. (took 582ms)

