23:06:36 **** Incremental Build of configuration Debug for project embedede_program_02 ****
make -j8 all 
arm-none-eabi-gcc "../Core/Src/main.c" -mcpu=cortex-m0plus -std=gnu11 -g3 -DDEBUG -DUSE_HAL_DRIVER -DSTM32G0B1xx -c -I../Core/Inc -I../Drivers/STM32G0xx_HAL_Driver/Inc -I../Drivers/STM32G0xx_HAL_Driver/Inc/Legacy -I../Drivers/CMSIS/Device/ST/STM32G0xx/Include -I../Drivers/CMSIS/Include -I../Middlewares/Third_Party/FreeRTOS/Source/include -I../Middlewares/Third_Party/FreeRTOS/Source/CMSIS_RTOS -I../Middlewares/Third_Party/FreeRTOS/Source/portable/GCC/ARM_CM0 -O0 -ffunction-sections -fdata-sections -Wall -fstack-usage -fcyclomatic-complexity -MMD -MP -MF"Core/Src/main.d" -MT"Core/Src/main.o" --specs=nano.specs -mfloat-abi=soft -mthumb -o "Core/Src/main.o"
arm-none-eabi-gcc -o "embedede_program_02.elf" @"objects.list"   -mcpu=cortex-m0plus -T"/home/ebenezer/STM32CubeIDE/workspace_1.13.2/embedede_program_02/STM32G0B1RETX_FLASH.ld" --specs=nosys.specs -Wl,-Map="embedede_program_02.map" -Wl,--gc-sections -static --specs=nano.specs -mfloat-abi=soft -mthumb -Wl,--start-group -lc -lm -Wl,--end-group
Finished building target: embedede_program_02.elf
 
arm-none-eabi-size   embedede_program_02.elf 
arm-none-eabi-objdump -h -S  embedede_program_02.elf  > "embedede_program_02.list"
   text	   data	    bss	    dec	    hex	filename
  22392	    104	   5744	  28240	   6e50	embedede_program_02.elf
Finished building: default.size.stdout
 
Finished building: embedede_program_02.list
 

23:06:37 Build Finished. 0 errors, 0 warnings. (took 898ms)

