21:15:27 **** Incremental Build of configuration Debug for project hello_gre ****
make -j8 all 
arm-none-eabi-gcc "../Core/Src/main.c" -mcpu=cortex-m0plus -std=gnu11 -g3 -DDEBUG -DUSE_HAL_DRIVER -DSTM32G0B1xx -c -I../Core/Inc -I../Drivers/STM32G0xx_HAL_Driver/Inc -I../Drivers/STM32G0xx_HAL_Driver/Inc/Legacy -I../Drivers/CMSIS/Device/ST/STM32G0xx/Include -I../Drivers/CMSIS/Include -O0 -ffunction-sections -fdata-sections -Wall -fstack-usage -fcyclomatic-complexity -MMD -MP -MF"Core/Src/main.d" -MT"Core/Src/main.o" --specs=nano.specs -mfloat-abi=soft -mthumb -o "Core/Src/main.o"
arm-none-eabi-gcc -o "hello_gre.elf" @"objects.list"   -mcpu=cortex-m0plus -T"/home/ebenezer/STM32CubeIDE/workspace_1.13.2/hello_gre/STM32G0B1RETX_FLASH.ld" --specs=nosys.specs -Wl,-Map="hello_gre.map" -Wl,--gc-sections -static --specs=nano.specs -mfloat-abi=soft -mthumb -Wl,--start-group -lc -lm -Wl,--end-group
Finished building target: hello_gre.elf
 
arm-none-eabi-size   hello_gre.elf 
arm-none-eabi-objdump -h -S  hello_gre.elf  > "hello_gre.list"
   text	   data	    bss	    dec	    hex	filename
  18308	    100	   2156	  20564	   5054	hello_gre.elf
Finished building: default.size.stdout
 
Finished building: hello_gre.list
 

21:15:28 Build Finished. 0 errors, 0 warnings. (took 842ms)

